beforeEnableVblankCallback
afterEnableVblankCallback
vblankCallback(3):0
ended
[x] sceKernelCpuSuspendIntr usage:
[x] sceKernelRegisterSubIntrHandler 1: 00000000
[x] sceKernelEnableSubIntr: 00000000
[x] sceKernelDelayThread: 800201a7
[x] sceKernelDisableSubIntr: 00000000
[r] sceKernelDelayThread: 00000000
[x] Interrupts suspended: 0
[x] sceKernelRegisterSubIntrHandler 2: 00000000
[x] sceKernelEnableSubIntr: 00000000
[r] sceKernelDelayThread: 00000000
[x] sceKernelDisableSubIntr: 00000000
[r] sceKernelDelayThread: 00000000
[x] Interrupts resumed: 18
