And 0x00000000: Failed (800201B1, bits=DEADBEEF)
Or 0x00000000: Failed (800201B1, bits=DEADBEEF)
Clear 0x00000000: Failed (800201B1, bits=DEADBEEF)
Wrong (0x04) 0x00000000: Failed (80020195, bits=DEADBEEF)
Wrong (0xFF) 0x00000000: Failed (80020195, bits=DEADBEEF)
And 0x00000001: OK (bits=FFFFFFFF) Event flag: OK (size=52,name='poll1',attr=0,init=FFFFFFFF,cur=FFFFFFFF,wait=0)
Or 0x00000001: OK (bits=FFFFFFFF) Event flag: OK (size=52,name='poll1',attr=0,init=FFFFFFFF,cur=FFFFFFFF,wait=0)
Clear 0x00000001: OK (bits=FFFFFFFF) Event flag: OK (size=52,name='poll1',attr=0,init=FFFFFFFF,cur=FFFFFFFE,wait=0)
Wrong (0x02) 0x00000001: Failed (80020195, bits=DEADBEEF)
Wrong (0x04) 0x00000001: Failed (80020195, bits=DEADBEEF)
Wrong (0x08) 0x00000001: Failed (80020195, bits=DEADBEEF)
Wrong (0x40) 0x00000001: Failed (80020195, bits=DEADBEEF)
Wrong (0x80) 0x00000001: Failed (80020195, bits=DEADBEEF)
Wrong (0xFF) 0x00000001: Failed (80020195, bits=DEADBEEF)
Clear/Or 0x00000000: Failed (800201B1, bits=DEADBEEF)
Clear/Or 0x00000001: OK (bits=FFFFFFFF) Event flag: OK (size=52,name='poll1',attr=0,init=FFFFFFFF,cur=FFFFFFFE,wait=0)
Clear/Or 0x00000001 (no out bits): OK (bits=00000000) Event flag: OK (size=52,name='poll1',attr=0,init=FFFFFFFF,cur=FFFFFFFE,wait=0)
Clear all/Or 0x00000001: OK (bits=FFFFFFFF) Event flag: OK (size=52,name='poll1',attr=0,init=FFFFFFFF,cur=00000000,wait=0)
Clear all/Clear/And 0x00000001: Failed (80020195, bits=DEADBEEF)
0xFFFFFFFF & 0x00000000: Failed (800201B1, bits=DEADBEEF)
0xFFFFFFFF & 0xFFFFFFFF: OK (bits=FFFFFFFF) Event flag: OK (size=52,name='poll1',attr=0,init=FFFFFFFF,cur=FFFFFFFF,wait=0)
0xFFFFFFFF | 0xFFFFFFFF: OK (bits=FFFFFFFF) Event flag: OK (size=52,name='poll1',attr=0,init=FFFFFFFF,cur=FFFFFFFF,wait=0)
0x0000FFFF & 0xFFFFFFFF: Failed (800201AF, bits=0000FFFF)
0x0000FFFF | 0xFFFFFFFF: OK (bits=0000FFFF) Event flag: OK (size=52,name='poll1',attr=0,init=FFFFFFFF,cur=0000FFFF,wait=0)
0x0000FFFF & 0xFFFFFFFF with clear: Failed (800201AF, bits=0000FFFF)
0x0000FFFF | 0xFFFFFFFF with clear: OK (bits=0000FFFF) Event flag: OK (size=52,name='poll1',attr=0,init=FFFFFFFF,cur=00000000,wait=0)
0x0000FFFF & 0xFFFFFFFF with clear all: Failed (800201AF, bits=00000000)
0x0000FFFF | 0xFFFFFFFF with clear all: Failed (800201AF, bits=00000000)
0x00000000 & 0xFFFFFFFF: Failed (800201AF, bits=00000000)
NULL: Failed (800201B1, bits=00000000)
Invalid: Failed (800201B1, bits=00000000)
Deleted: Failed (800201B1, bits=00000000)
NULL: A1B1C2E1D1F2 (thread=800201B5, thread bits=00000000, main=8002019A)
Wrong mode: A1B1C2E1D1F2 (thread=800201B5, thread bits=00000000, main=80020195)
Other: A1B1C2E1D1F2 (thread=800201B5, thread bits=00000000, main=00000000)
Same: A1B1C2E1D1F2 (thread=800201B5, thread bits=00000000, main=800201B0)
Same (multi): A1B1C2E1D1F2 (thread=800201B5, thread bits=00000000, main=800201AF)
