Normal: OK
Sema: OK (size=56,name='cancel',attr=0,init=0,cur=1,max=1,wait=0)
Greater than max: Failed (800201BD)
Sema: OK (size=56,name='cancel',attr=0,init=0,cur=1,max=1,wait=0)
Zero: OK
Sema: OK (size=56,name='cancel',attr=0,init=0,cur=0,max=1,wait=0)
Negative -3: OK
Sema: OK (size=56,name='cancel',attr=0,init=0,cur=0,max=1,wait=0)
Negative -1: OK
Sema: OK (size=56,name='cancel',attr=0,init=0,cur=0,max=1,wait=0)
Normal: OK (0 waiting)
Sema: OK (size=56,name='cancel',attr=0,init=0,cur=1,max=1,wait=0)
Greater than max: Failed (800201BD, 99 waiting)
Sema: OK (size=56,name='cancel',attr=0,init=0,cur=1,max=1,wait=0)
Zero: OK (0 waiting)
Sema: OK (size=56,name='cancel',attr=0,init=0,cur=0,max=1,wait=0)
Negative -3: OK (0 waiting)
Sema: OK (size=56,name='cancel',attr=0,init=0,cur=0,max=1,wait=0)
Negative -1: OK (0 waiting)
Sema: OK (size=56,name='cancel',attr=0,init=0,cur=0,max=1,wait=0)
Cancel waited 0 then 1: A1B1C2D1To 0: OK (1 waiting)
Sema: OK (size=56,name='schedTest1',attr=0,init=0,cur=0,max=1,wait=0)
E2To 1: OK (0 waiting)
Sema: OK (size=56,name='schedTest1',attr=0,init=0,cur=1,max=1,wait=0)
F1 (thread=800201A9, main=00000000)
NULL: A1B1C2E1D1F2 (thread=800201B5, main=80020199)
Cancel bad count: A1B1C2E1D1F2 (thread=800201B5, main=00000000)
Cancel other: A1B1C2E1D1F2 (thread=800201B5, main=00000000)
Cancel waited: A1B1C2D1E2F1 (thread=800201A9, main=00000000)
Cancel other with threads: A1B1C2E1D1F2 (thread=800201B5, main=00000000)
Cancel waited with threads: A1B1C2D1E2F1 (thread=800201A9, main=00000000)
NULL: Failed (80020199)
Sema: Failed (00000000)
Invalid: Failed (80020199)
Sema: Failed (DEADBEEF)
Deleted: Failed (80020199)
Sema: Invalid (80020199)
