Sema(Id=1,Size=56,Name='sema1',Attr=0,init=0,cur=0,max=2,wait=0)
[1]:1:4567
[1]:2:0000
[1]:0:0123
---
Sema(Id=1,Size=56,Name='sema1',Attr=0,init=0,cur=0,max=2,wait=3)
---
[2]:2:0000
---
Sema(Id=1,Size=56,Name='sema1',Attr=0,init=0,cur=0,max=2,wait=2)
---
[2]:1:4567
---
Sema(Id=1,Size=56,Name='sema1',Attr=0,init=0,cur=0,max=2,wait=1)
---
[2]:0:0123
00000000
80020199