Signaled: OK
Sema: OK (size=56,name='wait1',attr=0,init=1,cur=0,max=1,wait=0)
Greater than max: Failed (800201BD)
Sema: OK (size=56,name='wait1',attr=0,init=1,cur=0,max=1,wait=0)
Negative: Failed (800201BD)
Sema: OK (size=56,name='wait1',attr=0,init=1,cur=0,max=1,wait=0)
Signaled: OK (500ms left)
Sema: OK (size=56,name='wait1',attr=0,init=1,cur=0,max=1,wait=0)
Never signaled: Failed (800201A8, 0ms left)
Sema: OK (size=56,name='wait1',attr=0,init=1,cur=0,max=1,wait=0)
Greater than max: Failed (800201BD, 500ms left)
Sema: OK (size=56,name='wait1',attr=0,init=1,cur=0,max=1,wait=0)
Zero: Failed (800201BD, 500ms left)
Sema: OK (size=56,name='wait1',attr=0,init=1,cur=0,max=1,wait=0)
Negative: Failed (800201BD, 500ms left)
Sema: OK (size=56,name='wait1',attr=0,init=1,cur=0,max=1,wait=0)
Zero timeout: Failed (800201A8, 0ms left)
Sema: OK (size=56,name='wait1',attr=0,init=1,cur=0,max=1,wait=0)
Wait timeout: A1B1C1D2E2 (thread=00000000, main=00000000, remaining=4)
After delete: 800201B5
NULL: Failed (80020199)
Sema: Failed (00000000)
Invalid: Failed (80020199)
Sema: Invalid (80020199)
Deleted: Failed (80020199)
Sema: Invalid (80020199)
NULL: A1B1C2E1D1F2 (thread=800201B5, main=80020199)
Greater than max: A1B1C2E1D1F2 (thread=800201B5, main=800201BD)
Other: A1B1C2E1D1F2 (thread=800201B5, main=00000000)
Other timeout: A1B1C2E1D1F2 (thread=800201B5, main=00000000)
Same timeout: A1B1C2E2D1F2 (thread=800201B5, main=800201A8)
