To all set: OK
Event flag: OK (size=52,name='cancel',attr=0,init=00000000,cur=FFFFFFFF,wait=0)
To all clear: OK
Event flag: OK (size=52,name='cancel',attr=0,init=00000000,cur=00000000,wait=0)
Some pattern: OK
Event flag: OK (size=52,name='cancel',attr=0,init=00000000,cur=ABCDEF45,wait=0)
To all set: OK (0 waiting)
Event flag: OK (size=52,name='cancel',attr=0,init=00000000,cur=FFFFFFFF,wait=0)
To all clear: OK (0 waiting)
Event flag: OK (size=52,name='cancel',attr=0,init=00000000,cur=00000000,wait=0)
Some pattern: OK (0 waiting)
Event flag: OK (size=52,name='cancel',attr=0,init=00000000,cur=ABCDEF45,wait=0)
NULL: A1B1C2E1D1F2 (thread=800201B5, thread bits=00000000, main=8002019A)
Other unset: A1B1C2E1D1F2 (thread=800201B5, thread bits=00000000, main=00000000)
Other set: A1B1C2E1D1F2 (thread=800201B5, thread bits=00000000, main=00000000)
Same unset: A1B1C2D1E2F1 (thread=800201A9, thread bits=00000000, main=00000000)
Same set: A1B1C2D1E2F1 (thread=800201A9, thread bits=FFFFFFFF, main=00000000)
Cancel other with threads: A1B1C2E1D1F2 (thread=800201B5, thread bits=00000000, main=00000000)
Cancel waited with threads: A1B1C2D1E2F1 (thread=800201A9, thread bits=FFFFFFFF, main=00000000)
NULL: Failed (8002019A)
Event flag: Failed (00000000)
Invalid: Failed (8002019A)
Event flag: Invalid (8002019A)
Deleted: Failed (8002019A)
Event flag: Invalid (8002019A)
