simpleTest:
sceKernelCreateMutex:0x00000001
sceKernelLockMutex:0x00000000
sceKernelUnlockMutex:0x00000000
sceKernelUnlockMutex:0x800201C5
sceKernelDeleteMutex:0x00000000
sceKernelDeleteMutex:0x800201C3
recursiveTest:
sceKernelCreateMutex:0x00000001
[0]sceKernelLockMutex:0x00000000
[1]sceKernelLockMutex:0x00000000
[2]sceKernelLockMutex:0x00000000
[2]sceKernelUnlockMutex:0x00000000
[1]sceKernelUnlockMutex:0x00000000
[0]sceKernelUnlockMutex:0x00000000
sceKernelDeleteMutex:0x00000000
sceKernelDeleteMutex:0x800201C3
multipleTest:
multipleTest_t0:[0]
multipleTest_t1:[0]
multipleTest_t2:[0]
multipleTest_t3:[0]
multipleTest_t4:[0]
multipleTest_t0:[A]
multipleTest_t0:[B]
multipleTest_t1:[A]
multipleTest_t1:[B]
multipleTest_t2:[A]
multipleTest_t2:[B]
multipleTest_t3:[A]
multipleTest_t3:[B]
multipleTest_t4:[A]
multipleTest_t4:[B]