[x] Establishing base values:
[x] sceKernelMaxFreeMemSize: OK
[x] sceKernelTotalFreeMemSize: OK

[x] After allocating:
[x] sceKernelMaxFreeMemSize: at base - 262144
[x] sceKernelTotalFreeMemSize: at base - 262144

[x] After fragmenting:
[x] sceKernelMaxFreeMemSize: at base - 262144
[x] sceKernelTotalFreeMemSize: at base - 229376

[x] After free again:
[x] sceKernelMaxFreeMemSize: at base - 0
[x] sceKernelTotalFreeMemSize: at base - 0

[x] Allocate near limits:
[x] Allocate sceKernelMaxFreeMemSize: OK
[x] Allocate sceKernelMaxFreeMemSize + 0x100: 800200d9
[x] Allocate sceKernelTotalFreeMemSize: 800200d9
