Unlock 0 => 0: Failed (800201BD)
LwMutex: OK (size=64,name=lock,attr=00000000,uid=1,workarea=1,init=0,current=0,lockThread=0)
LwMutexWorkarea (count=0, thread=00000000, attr=000, waiting=0, uid=1, 00000000, 00000000, 00000000)
Unlock 0 => 0 (fake): Failed (800201BD)
LwMutex: Invalid (800201CA)
Unlock 0 => 1: Failed (800201CC)
LwMutex: OK (size=64,name=lock,attr=00000000,uid=1,workarea=1,init=0,current=0,lockThread=0)
LwMutexWorkarea (count=0, thread=00000000, attr=000, waiting=0, uid=1, 00000000, 00000000, 00000000)
Unlock 0 => 1 (fake): Failed (800201CC)
LwMutex: Invalid (800201CA)
Unlock 0 => 2: Failed (800201BD)
LwMutex: OK (size=64,name=lock,attr=00000000,uid=1,workarea=1,init=0,current=0,lockThread=0)
LwMutexWorkarea (count=0, thread=00000000, attr=000, waiting=0, uid=1, 00000000, 00000000, 00000000)
Unlock 0 => 2 (fake): Failed (800201BD)
LwMutex: Invalid (800201CA)
Unlock 0 => -1: Failed (800201BD)
LwMutex: OK (size=64,name=lock,attr=00000000,uid=1,workarea=1,init=0,current=0,lockThread=0)
LwMutexWorkarea (count=0, thread=00000000, attr=000, waiting=0, uid=1, 00000000, 00000000, 00000000)
Unlock 0 => -1 (fake): Failed (800201BD)
LwMutex: Invalid (800201CA)
Unlock 1 => 1: OK
LwMutex: OK (size=64,name=lock,attr=00000000,uid=1,workarea=1,init=1,current=0,lockThread=0)
LwMutexWorkarea (count=0, thread=00000000, attr=000, waiting=0, uid=1, 00000000, 00000000, 00000000)
Unlock 1 => 1 (fake): OK
LwMutex: Invalid (800201CA)
Unlock 1 => 2: Failed (800201BD)
LwMutex: OK (size=64,name=lock,attr=00000000,uid=1,workarea=1,init=1,current=1,lockThread=1)
LwMutexWorkarea (count=1, thread=00000001, attr=000, waiting=0, uid=1, 00000000, 00000000, 00000000)
Unlock 1 => 2 (fake): Failed (800201BD)
LwMutex: Invalid (800201CA)
Unlock 2 => 1: Failed (800201BD)
LwMutex: Invalid (800201CA)
Unlock 2 => 1 (fake): OK
LwMutex: Invalid (800201CA)
Unlock 0 => 2 (recursive): Failed (800201CC)
LwMutex: OK (size=64,name=lock,attr=00000200,uid=1,workarea=1,init=0,current=0,lockThread=0)
LwMutexWorkarea (count=0, thread=00000000, attr=200, waiting=0, uid=1, 00000000, 00000000, 00000000)
Unlock 0 => 2 (recursive) (fake): Failed (800201CC)
LwMutex: Invalid (800201CA)
Unlock 0 => -1 (recursive): Failed (800201BD)
LwMutex: OK (size=64,name=lock,attr=00000200,uid=1,workarea=1,init=0,current=0,lockThread=0)
LwMutexWorkarea (count=0, thread=00000000, attr=200, waiting=0, uid=1, 00000000, 00000000, 00000000)
Unlock 0 => -1 (recursive) (fake): Failed (800201BD)
LwMutex: Invalid (800201CA)
Unlock 1 => 1 (recursive): OK
LwMutex: OK (size=64,name=lock,attr=00000200,uid=1,workarea=1,init=1,current=0,lockThread=0)
LwMutexWorkarea (count=0, thread=00000000, attr=200, waiting=0, uid=1, 00000000, 00000000, 00000000)
Unlock 1 => 1 (recursive) (fake): OK
LwMutex: Invalid (800201CA)
Unlock 1 => 2 (recursive): Failed (800201CE)
LwMutex: OK (size=64,name=lock,attr=00000200,uid=1,workarea=1,init=1,current=1,lockThread=1)
LwMutexWorkarea (count=1, thread=00000001, attr=200, waiting=0, uid=1, 00000000, 00000000, 00000000)
Unlock 1 => 2 (recursive) (fake): Failed (800201CE)
LwMutex: Invalid (800201CA)
Locked 1 => 1: L1 L2 OK (thread=00000000)
Locked 1 => 1 (fake): L1 L2 OK (thread=800201CA)
Locked 0 => 1: L1 L2 Failed (thread=00000000, main=800201CC)
Locked 0 => 1 (fake): L1 L2 Failed (thread=00000000, main=800201CC)
Locked 1 => 1 (recursive): L1 L2 OK (thread=00000000)
Locked 1 => 1 (recursive) (fake): L1 L2 OK (thread=800201CA)
Locked 2 => 1 (recursive): L2 L1 OK (thread=800201A8)
Locked 2 => 1 (recursive) (fake): L1 L2 OK (thread=800201CA)
Locked 1 => 2 (recursive): L2 L1 Failed (thread=800201A8, main=800201CE)
Locked 1 => 2 (recursive) (fake): L1 L2 Failed (thread=800201CA, main=800201CE)
Locked 2 => 2 (recursive): L1 L2 OK (thread=00000000)
Locked 2 => 2 (recursive) (fake): L1 L2 OK (thread=800201CA)
Locked 0 => 1 (recursive): L1 L2 Failed (thread=00000000, main=800201CC)
Locked 0 => 1 (recursive) (fake): L1 L2 Failed (thread=00000000, main=800201CC)
After unlock: 800201CC
Deleted => 1: Failed (800201CA)
Zero: A1B1C2E1D1F2 (thread=800201B5, main=800201BD)
Unlock same: A1B1C2D1E2F1 (thread=00000000, main=00000000)
Unlock other: A1B1C2E1D1F2 (thread=800201B5, main=800201CC)
